JSCompiler_StaticMethods_assoc_BANG_:Mf
JSCompiler_StaticMethods_cljs$core$ITransientVector$_assoc_n_BANG_$arity$3:Se
JSCompiler_StaticMethods_sval:xd
JSCompiler_prototypeAlias:g
L 0:a
L 1:b
L 10:n
L 11:q
L 12:t
L 13:r
L 14:B
L 15:D
L 16:J
L 17:O
L 18:V
L 19:ea
L 2:c
L 20:sa
L 21:Xa
L 22:Sd
L 23:Wm
L 24:Xm
L 25:Vm
L 26:Vg
L 3:d
L 4:e
L 5:f
L 6:h
L 7:k
L 8:l
L 9:m
cljs$core$ArrayChunk:zd
cljs$core$ArrayNode:vf
cljs$core$ArrayNodeIterator:zf
cljs$core$ArrayNodeSeq:Gf
cljs$core$Atom:be
cljs$core$BitmapIndexedNode:rf
cljs$core$BitmapIndexedNode$EMPTY:uf
cljs$core$Box:lf
cljs$core$ChunkBuffer:yd
cljs$core$ChunkedCons:Bd
cljs$core$ChunkedSeq:Me
cljs$core$Cons:td
cljs$core$ES6EntriesIterator:We
cljs$core$ES6Iterator:jc
cljs$core$ES6IteratorSeq:lc
cljs$core$ES6SetEntriesIterator:Xe
cljs$core$EmptyList:sd
cljs$core$Fn:Da
cljs$core$HashCollisionNode:Df
cljs$core$HashMapIter:If
cljs$core$HashSetIter:Tf
cljs$core$IAssociative:Ta
cljs$core$ICollection:Ja
cljs$core$ICounted:Fa
cljs$core$IEmptyableCollection:Ha
cljs$core$IEncodeClojure:wg
cljs$core$IEncodeJS:rg
cljs$core$IFn:Ea
cljs$core$IIndexed:La
cljs$core$IIndexed$_nth$dyn_7808:Ma
cljs$core$IIterable:Nb
cljs$core$IKVReduce:ob
cljs$core$IList:vb
cljs$core$ILookup:Qa
cljs$core$ILookup$_lookup$dyn_7826:Sa
cljs$core$IMap:Ya
cljs$core$IMeta:ib
cljs$core$INIT:Wd
cljs$core$INext:Pa
cljs$core$IPrintWithWriter:yb
cljs$core$IRecord:wb
cljs$core$IReduce:lb
cljs$core$IReduce$_reduce$dyn_7872:nb
cljs$core$ISeq:Na
cljs$core$ISeqable:sb
cljs$core$ISequential:ub
cljs$core$ISet:bb
cljs$core$ISwap$_swap_BANG_$dyn_7944:Mb
cljs$core$ITER_SYMBOL:ya
cljs$core$IVector:fb
cljs$core$IndexedSeq:H
cljs$core$IndexedSeqIterator:Dc
cljs$core$KeySeq:Of
cljs$core$Keyword:F
cljs$core$LazySeq:wd
cljs$core$List:Ic
cljs$core$List$EMPTY:ic
cljs$core$MapEntry:Ae
cljs$core$MetaFn:Oc
cljs$core$NeverEquiv:Te
cljs$core$NodeIterator:qf
cljs$core$NodeSeq:Ef
cljs$core$PROTOCOL_SENTINEL:u
cljs$core$PersistentArrayMap:v
cljs$core$PersistentArrayMap$EMPTY:Rd
cljs$core$PersistentArrayMap$HASHMAP_THRESHOLD:df
cljs$core$PersistentArrayMap$createAsIfByAssoc:Lc
cljs$core$PersistentArrayMap$createAsIfByAssocComplexPath:jf
cljs$core$PersistentArrayMapIterator:$e
cljs$core$PersistentArrayMapSeq:Ze
cljs$core$PersistentHashMap:Jf
cljs$core$PersistentHashMap$EMPTY:ef
cljs$core$PersistentHashMap$fromArrays:Lf
cljs$core$PersistentHashSet:Uf
cljs$core$PersistentHashSet$EMPTY:Wf
cljs$core$PersistentVector:Y
cljs$core$PersistentVector$EMPTY:Hc
cljs$core$PersistentVector$EMPTY_NODE:Z
cljs$core$PersistentVector$fromArray:Ge
cljs$core$RangedIterator:we
cljs$core$Reduced:rc
cljs$core$START:Xd
cljs$core$SeqIter:Yd
cljs$core$StringBufferWriter:Qb
cljs$core$Subvec:Oe
cljs$core$Symbol:bc
cljs$core$TransientArrayMap:cf
cljs$core$TransientHashMap:Kf
cljs$core$TransientHashSet:Vf
cljs$core$TransientVector:Be
cljs$core$ValSeq:Pf
cljs$core$VectorNode:le
cljs$core$_EQ_:M
cljs$core$_STAR_print_level_STAR_:na
cljs$core$__destructure_map:Qd
cljs$core$_add_watch:Ab
cljs$core$_as_transient:Db
cljs$core$_assoc:Va
cljs$core$_assoc_BANG_:Gb
cljs$core$_assoc_n:gb
cljs$core$_chunked_first:Ib
cljs$core$_chunked_rest:Jb
cljs$core$_clj__GT_js:sg
cljs$core$_conj:Ka
cljs$core$_conj_BANG_:Eb
cljs$core$_contains_key_QMARK_:Ua
cljs$core$_count:Ga
cljs$core$_deref:hb
cljs$core$_disjoin:cb
cljs$core$_dissoc:Za
cljs$core$_drop:Pb
cljs$core$_drop_first:Hb
cljs$core$_empty:Ia
cljs$core$_equiv:qb
cljs$core$_find:Wa
cljs$core$_first:C
cljs$core$_hash:rb
cljs$core$_indexOf$cljs$0core$0IFn$0_invoke$0arity$03:N
cljs$core$_iterator:Ob
cljs$core$_js__GT_clj:xg
cljs$core$_key:$a
cljs$core$_kv_reduce:pb
cljs$core$_lastIndexOf$cljs$0core$0IFn$0_invoke$0arity$03:Q
cljs$core$_lookup:Ra
cljs$core$_meta:jb
cljs$core$_nth:A
cljs$core$_peek:db
cljs$core$_persistent_BANG_:Fb
cljs$core$_pop:eb
cljs$core$_pr_writer:zb
cljs$core$_reduce:mb
cljs$core$_remove_watch:Cb
cljs$core$_reset_BANG_:Kb
cljs$core$_rest:Oa
cljs$core$_seq:tb
cljs$core$_swap_BANG_:Lb
cljs$core$_val:ab
cljs$core$_with_meta:kb
cljs$core$_write:xb
cljs$core$aclone:za
cljs$core$apply:Pc
cljs$core$apply$cljs$0core$0IFn$0_invoke$0arity$02:Md
cljs$core$apply$cljs$0core$0IFn$0_invoke$0arity$03:Nd
cljs$core$apply$cljs$0core$0IFn$0_invoke$0arity$05:Od
cljs$core$apply$cljs$0core$0IFn$0_invoke$0arity$0variadic:Pd
cljs$core$apply_to:Gd
cljs$core$apply_to_simple$cljs$0core$0IFn$0_invoke$0arity$03:Id
cljs$core$apply_to_simple$cljs$0core$0IFn$0_invoke$0arity$04:Jd
cljs$core$apply_to_simple$cljs$0core$0IFn$0_invoke$0arity$05:Kd
cljs$core$apply_to_simple$cljs$0core$0IFn$0_invoke$0arity$06:Ld
cljs$core$array_QMARK_:va
cljs$core$array__GT_transient_hash_map:kf
cljs$core$array_copy:ad
cljs$core$array_for:te
cljs$core$array_index_of:Ye
cljs$core$array_map:Nf
cljs$core$array_reduce$cljs$0core$0IFn$0_invoke$0arity$02:wc
cljs$core$array_reduce$cljs$0core$0IFn$0_invoke$0arity$03:xc
cljs$core$array_reduce$cljs$0core$0IFn$0_invoke$0arity$04:yc
cljs$core$assoc:U
cljs$core$bit_count:qd
cljs$core$boolean$0:dd
cljs$core$bounded_count:Ed
cljs$core$build_subvec:Pe
cljs$core$char_escapes:cg
cljs$core$chunk_append:Dd
cljs$core$chunk_buffer:Ad
cljs$core$chunk_cons:Cd
cljs$core$chunked_seq:Fe
cljs$core$chunked_seq$cljs$0core$0IFn$0_invoke$0arity$04:Ee
cljs$core$chunked_seq$cljs$0core$0IFn$0_invoke$0arity$05:Ne
cljs$core$chunked_seq_QMARK_:$c
cljs$core$ci_reduce$cljs$0core$0IFn$0_invoke$0arity$02:uc
cljs$core$ci_reduce$cljs$0core$0IFn$0_invoke$0arity$03:vc
cljs$core$clj__GT_js:ug
cljs$core$clone_and_set$cljs$0core$0IFn$0_invoke$0arity$03:mf
cljs$core$coll_QMARK_:Uc
cljs$core$conj:Gc
cljs$core$cons:R
cljs$core$contains_QMARK_:gd
cljs$core$count:P
cljs$core$counted_QMARK_:zc
cljs$core$create_array_node_seq:Bf
cljs$core$create_array_node_seq$cljs$0core$0IFn$0_invoke$0arity$01:Af
cljs$core$create_array_node_seq$cljs$0core$0IFn$0_invoke$0arity$03:Hf
cljs$core$create_inode_seq:tf
cljs$core$create_inode_seq$cljs$0core$0IFn$0_invoke$0arity$01:sf
cljs$core$create_inode_seq$cljs$0core$0IFn$0_invoke$0arity$03:Ff
cljs$core$create_node:xf
cljs$core$create_node$cljs$0core$0IFn$0_invoke$0arity$06:yf
cljs$core$create_node$cljs$0core$0IFn$0_invoke$0arity$07:wf
cljs$core$deref:tc
cljs$core$disj:Sc
cljs$core$dissoc:Mc
cljs$core$do_assoc:ue
cljs$core$doall$cljs$0core$0IFn$0_invoke$0arity$01:Yf
cljs$core$drop$cljs$0core$0IFn$0_invoke$0arity$02:ee
cljs$core$drop_last$cljs$0core$0IFn$0_invoke$0arity$02:fe
cljs$core$edit_and_set$cljs$0core$0IFn$0_invoke$0arity$04:of
cljs$core$empty:Jc
cljs$core$empty_QMARK_:Tc
cljs$core$empty_ordered_hash:nc
cljs$core$empty_unordered_hash:pc
cljs$core$equiv_map:Ve
cljs$core$equiv_sequential:Ec
cljs$core$es6_iterator:kc
cljs$core$es6_iterator_seq:gc
cljs$core$every_QMARK_:Zd
cljs$core$filter$cljs$0core$0IFn$0_invoke$0arity$02:ge
cljs$core$first:I
cljs$core$fn_QMARK_:Nc
cljs$core$gensym$cljs$0core$0IFn$0_invoke$0arity$01:qg
cljs$core$gensym_counter:pg
cljs$core$get:cc
cljs$core$get$cljs$0core$0IFn$0_invoke$0arity$02:E
cljs$core$get$cljs$0core$0IFn$0_invoke$0arity$03:dc
cljs$core$get_in$cljs$0core$0IFn$0_invoke$0arity$02:je
cljs$core$hash:$b
cljs$core$hash_collision_node_find_index:Cf
cljs$core$hash_combine:ac
cljs$core$hash_ordered_coll:mc
cljs$core$hash_string:Zb
cljs$core$hash_unordered_coll:oc
cljs$core$identity:nd
cljs$core$ifn_QMARK_:ed
cljs$core$imul:Sb
cljs$core$inc:qc
cljs$core$indexed_QMARK_:Ac
cljs$core$inode_kv_reduce:pf
cljs$core$integer_QMARK_:fd
cljs$core$into:he
cljs$core$into_array$cljs$0core$0IFn$0_invoke$0arity$02:Aa
cljs$core$iter_reduce$cljs$0core$0IFn$0_invoke$0arity$02:jd
cljs$core$iter_reduce$cljs$0core$0IFn$0_invoke$0arity$03:kd
cljs$core$iterable_QMARK_:fc
cljs$core$js__GT_clj$cljs$0core$0IFn$0_invoke$0arity$0variadic:yg
cljs$core$keep$cljs$0core$0IFn$0_invoke$0arity$02:ae
cljs$core$key:Je
cljs$core$key__GT_js$cljs$0core$0IFn$0_invoke$0arity$02:tg
cljs$core$key_test:ff
cljs$core$keys:af
cljs$core$keyword:vd
cljs$core$last:Fc
cljs$core$lift_ns:mg
cljs$core$linear_traversal_nth$cljs$0core$0IFn$0_invoke$0arity$03:Kc
cljs$core$lookup_sentinel:bd
cljs$core$m3_fmix:Vb
cljs$core$m3_hash_unencoded_chars:Wb
cljs$core$m3_mix_H1:Ub
cljs$core$m3_mix_K1:Tb
cljs$core$map:X
cljs$core$map_QMARK_:Xc
cljs$core$map_entry_QMARK_:Ie
cljs$core$map_indexed$cljs$0core$0IFn$0_invoke$0arity$02:rd
cljs$core$mapv$cljs$0core$0IFn$0_invoke$0arity$02:ie
cljs$core$merge:Qf
cljs$core$meta:Rc
cljs$core$missing_protocol:y
cljs$core$name:W
cljs$core$namespace:ud
cljs$core$native_satisfies_QMARK_:x
cljs$core$never_equiv:Ue
cljs$core$new_path:pe
cljs$core$next:K
cljs$core$next_STAR_:Hd
cljs$core$not:wa
cljs$core$not_EQ_$cljs$0core$0IFn$0_invoke$0arity$02:Td
cljs$core$not_empty:Ud
cljs$core$nth:Cc
cljs$core$nth$cljs$0core$0IFn$0_invoke$0arity$02:Bc
cljs$core$nth$cljs$0core$0IFn$0_invoke$0arity$03:T
cljs$core$pam_grow_seed_array:hf
cljs$core$pam_new_size:gf
cljs$core$pop_tail:ve
cljs$core$pr_opts:oa
cljs$core$pr_sequential_writer:$f
cljs$core$pr_str_STAR_:Rb
cljs$core$pr_str_with_opts:kg
cljs$core$pr_writer:gg
cljs$core$pr_writer_impl:fg
cljs$core$prim_seq$cljs$0core$0IFn$0_invoke$0arity$02:S
cljs$core$print_map:hg
cljs$core$print_meta_QMARK_:eg
cljs$core$print_prefix_map:ng
cljs$core$push_tail:qe
cljs$core$pv_clone_node:ne
cljs$core$pv_fresh_node:me
cljs$core$pv_reduce$cljs$0core$0IFn$0_invoke$0arity$04:ye
cljs$core$pv_reduce$cljs$0core$0IFn$0_invoke$0arity$05:ze
cljs$core$quot:pd
cljs$core$quote_string:dg
cljs$core$ranged_iterator:xe
cljs$core$re_matches:Zf
cljs$core$record_QMARK_:Yc
cljs$core$reduce:Ca
cljs$core$reduce$cljs$0core$0IFn$0_invoke$0arity$02:ld
cljs$core$reduce$cljs$0core$0IFn$0_invoke$0arity$03:Ba
cljs$core$reduce_kv:md
cljs$core$reduced_QMARK_:sc
cljs$core$remove_pair:nf
cljs$core$reset_BANG_:ce
cljs$core$rest:hc
cljs$core$select_keys:Rf
cljs$core$seq:G
cljs$core$seq_QMARK_:cd
cljs$core$seq_reduce$cljs$0core$0IFn$0_invoke$0arity$02:hd
cljs$core$seq_reduce$cljs$0core$0IFn$0_invoke$0arity$03:id
cljs$core$sequential_QMARK_:Wc
cljs$core$set:Xf
cljs$core$set_QMARK_:Vc
cljs$core$some:$d
cljs$core$spread:Fd
cljs$core$str:z
cljs$core$string_hash_cache:Xb
cljs$core$string_hash_cache_count:Yb
cljs$core$strip_ns:lg
cljs$core$subs$cljs$0core$0IFn$0_invoke$0arity$03:Eg
cljs$core$swap_BANG_:de
cljs$core$symbol:ec
cljs$core$t_cljs$0core6554:Vd
cljs$core$tail_off:oe
cljs$core$take_last:Ag
cljs$core$transduce$cljs$0core$0IFn$0_invoke$0arity$04:od
cljs$core$truth_:w
cljs$core$tv_editable_root:Ce
cljs$core$tv_editable_tail:De
cljs$core$tv_ensure_editable:Qe
cljs$core$tv_push_tail:Re
cljs$core$type__GT_str:xa
cljs$core$unchecked_array_for:se
cljs$core$update:ke
cljs$core$val:Ke
cljs$core$vals:bf
cljs$core$vec:He
cljs$core$vector:Le
cljs$core$vector_QMARK_:Zc
cljs$core$vector_index_out_of_bounds:re
cljs$core$with_meta:Qc
cljs$core$write_all$cljs$0core$0IFn$0_invoke$0arity$0variadic:bg
cljs$cst$0$flush_on_newline:pa
cljs$cst$1$readably:qa
cljs$cst$105$more_marker:ag
cljs$cst$106$alt_impl:ig
cljs$cst$107$fallback_impl:jg
cljs$cst$108$val:og
cljs$cst$109$status:Sg
cljs$cst$126$keyword_fn:vg
cljs$cst$127$keywordize_keys:zg
cljs$cst$139$type:qj
cljs$cst$141$message:Zg
cljs$cst$142$data:hh
cljs$cst$147$phase:Ui
cljs$cst$171$ok:$h
cljs$cst$178$error:ki
cljs$cst$179$name:mh
cljs$cst$182$class:vh
cljs$cst$183$style:Ug
cljs$cst$184$key:pj
cljs$cst$186$on_dispose:Ph
cljs$cst$189$auto_run:$g
cljs$cst$190$path:Xh
cljs$cst$193$on_set:Aj
cljs$cst$194$no_cache:Pg
cljs$cst$2$meta:ra
cljs$cst$202$shouldComponentUpdate:jh
cljs$cst$203$componentWillUnmount:Mg
cljs$cst$204$reagentRender:Fh
cljs$cst$205$render:Nh
cljs$cst$206$displayName:Qh
cljs$cst$207$cljsLegacyRender:Di
cljs$cst$208$childContextTypes:lh
cljs$cst$209$contextTypes:Lh
cljs$cst$210$contextType:mj
cljs$cst$211$getDerivedStateFromProps:ah
cljs$cst$212$getDerivedStateFromError:fi
cljs$cst$213$getInitialState:gh
cljs$cst$214$constructor:Ng
cljs$cst$215$reagent_render:Hh
cljs$cst$216$on_write:Hg
cljs$cst$217$display_name:Gi
cljs$cst$218$component_did_update:zh
cljs$cst$219$component_will_unmount:qh
cljs$cst$222$id:ij
cljs$cst$223$className:Qg
cljs$cst$229$function_components:Hi
cljs$cst$230$parse_tag:bh
cljs$cst$234$conversations:Ii
cljs$cst$235$tier:Kg
cljs$cst$236$viewer:ch
cljs$cst$237$active_conv_id:Uh
cljs$cst$238$mode:eh
cljs$cst$239$messages:vj
cljs$cst$240$busy_QMARK_:Rh
cljs$cst$241$composer:$i
cljs$cst$242$stream_status:vi
cljs$cst$243$runner:im
cljs$cst$244$tool_events:ph
cljs$cst$245$streaming:Dh
cljs$cst$246$loading:Oi
cljs$cst$247$today:ln
cljs$cst$248$summary:rh
cljs$cst$249$events:gm
cljs$cst$250$steps:Cm
cljs$cst$251$spinning_QMARK_:Gn
cljs$cst$252$sidebar_max:Bi
cljs$cst$253$radius_bubble:th
cljs$cst$254$muted:nh
cljs$cst$255$accent_hover:zj
cljs$cst$256$content_max:fm
cljs$cst$257$radius_control:jm
cljs$cst$258$danger:xi
cljs$cst$259$radius_window:Eh
cljs$cst$260$touch:Hn
cljs$cst$261$sidebar_min:rj
cljs$cst$262$accent:yh
cljs$cst$263$radius_pill:Jn
cljs$cst$264$text:jj
cljs$cst$265$credentials:wi
cljs$cst$266$cache:am
cljs$cst$267$method:Og
cljs$cst$268$headers:$m
cljs$cst$269$body:tl
cljs$cst$270$did:dj
cljs$cst$271$handle:lj
cljs$cst$272$anon:Ym
cljs$cst$273$signed_in:qm
cljs$cst$274$accountDid:Jh
cljs$cst$275$activeDid:ei
cljs$cst$277$msgId:vm
cljs$cst$278$role:Ih
cljs$cst$279$content:hi
cljs$cst$280$tsMs:Bh
cljs$cst$281$url:Kh
cljs$cst$282$tail:Vh
cljs$cst$283$event:Mi
cljs$cst$284$reply:um
cljs$cst$285$tool_results:Dn
cljs$cst$286$tool:Sl
cljs$cst$287$result:Zm
cljs$cst$288$assistant_id:Bn
cljs$cst$289$input:En
cljs$cst$290$history:kn
cljs$cst$291$config:Fi
cljs$cst$292$configurable:ri
cljs$cst$293$ephemeral:Pi
cljs$cst$294$stream_mode:Li
cljs$cst$295$assistant:Am
cljs$cst$296$stream:uh
cljs$cst$297$system:sj
cljs$cst$298$user:Yg
cljs$cst$299$run_id:Fn
cljs$cst$3$dup:ta
cljs$cst$300$runId:Ci
cljs$cst$301$updated_at:Cn
cljs$cst$302$updatedAt:Fg
cljs$cst$303$raw:nj
cljs$cst$304$log_path:Xg
cljs$cst$305$logPath:tj
cljs$cst$306$tone:Ei
cljs$cst$307$kind:fh
cljs$cst$308$title:Sh
cljs$cst$309$detail:sm
cljs$cst$310$time:rm
cljs$cst$311$duration:gi
cljs$cst$312$icon:xh
cljs$cst$313$label:Jl
cljs$cst$314$calendar:Al
cljs$cst$315$queue:oi
cljs$cst$316$agents:Tm
cljs$cst$317$keys:bj
cljs$cst$318$logs:xj
cljs$cst$319$stats:Xl
cljs$cst$320$md:mi
cljs$cst$321$svg:hn
cljs$cst$322$view_box:Bg
cljs$cst$323$aria_label:oj
cljs$cst$324$desc:ul
cljs$cst$325$defs:Zh
cljs$cst$326$radialGradient:bn
cljs$cst$327$cx:Ch
cljs$cst$328$cy:Ah
cljs$cst$329$r:ej
cljs$cst$330$stop:Dg
cljs$cst$331$offset:Oh
cljs$cst$332$stop_color:ih
cljs$cst$333$ellipse:Wg
cljs$cst$334$rx:em
cljs$cst$335$ry:dm
cljs$cst$336$fill:zi
cljs$cst$337$opacity:Mh
cljs$cst$338$circle:pi
cljs$cst$339$stroke:cn
cljs$cst$340$stroke_width:wm
cljs$cst$341$d:yj
cljs$cst$342$stroke_linecap:Ti
cljs$cst$343$stroke_linejoin:qi
cljs$cst$344$header_DOT_titlebar:cm
cljs$cst$345$div_DOT_traffic:aj
cljs$cst$346$aria_hidden:sh
cljs$cst$347$span:fn
cljs$cst$348$div_DOT_window_title:Um
cljs$cst$349$div_DOT_auth:ai
cljs$cst$350$span_DOT_muted:jn
cljs$cst$351$span_DOT_auth_inline:Ni
cljs$cst$352$span_DOT_handle:an
cljs$cst$353$button:gn
cljs$cst$354$on_click:si
cljs$cst$355$button_DOT_primary:bi
cljs$cst$356$aside_DOT_rail:Cg
cljs$cst$357$sm:vl
cljs$cst$358$button_DOT_nav_btn:nn
cljs$cst$359$button_DOT_suggestion:nm
cljs$cst$360$div_DOT_suggestion_top:ci
cljs$cst$361$span_DOT_kind:Wi
cljs$cst$362$span_DOT_suggestion_title:Yl
cljs$cst$363$div_DOT_suggestion_detail:Bm
cljs$cst$364$div_DOT_agenda_row:on
cljs$cst$365$div_DOT_agenda_time:hj
cljs$cst$366$div_DOT_agenda_copy:pm
cljs$cst$367$strong:Dm
cljs$cst$368$div_DOT_agenda_duration:Yi
cljs$cst$369$section_DOT_today_pane:Xi
cljs$cst$370$div_DOT_pane_head:dh
cljs$cst$371$div:yi
cljs$cst$372$h1:oh
cljs$cst$373$p:gj
cljs$cst$374$div_DOT_suggestions:Jg
cljs$cst$375$div_DOT_agenda_title:Lg
cljs$cst$376$div_DOT_row:wh
cljs$cst$377$div_DOT_bubble:ni
cljs$cst$378$div_DOT_badge:Em
cljs$cst$379$div_DOT_content:mm
cljs$cst$380$div_DOT_thread_wrap:Ig
cljs$cst$381$div_DOT_thread:Zl
cljs$cst$382$div_DOT_row_DOT_assistant:Vi
cljs$cst$383$div_DOT_badge_DOT_assistant_badge:ui
cljs$cst$384$span_DOT_cursor:ti
cljs$cst$385$div_DOT_content_DOT_muted:cj
cljs$cst$386$div_DOT_capsules:fj
cljs$cst$387$form_DOT_composer:tm
cljs$cst$388$on_submit:$l
cljs$cst$389$div_DOT_composer_shell:Zi
cljs$cst$390$textarea:Ri
cljs$cst$391$value:Ki
cljs$cst$392$rows:kj
cljs$cst$393$placeholder:lm
cljs$cst$394$disabled:km
cljs$cst$395$on_change:di
cljs$cst$396$on_key_down:mn
cljs$cst$397$button_DOT_send:dn
cljs$cst$398$div_DOT_runner_panel:bm
cljs$cst$399$div_DOT_runner_top:Th
cljs$cst$4$print_length:ua
cljs$cst$400$span_DOT_runner_phase:Ai
cljs$cst$401$div_DOT_runner_summary:om
cljs$cst$402$ok_QMARK_:kh
cljs$cst$403$output:In
cljs$cst$404$margin_top:Tg
cljs$cst$405$b:sl
cljs$cst$406$white_space:li
cljs$cst$407$font_family:zm
cljs$cst$408$font_size:ym
cljs$cst$409$color:hm
cljs$cst$410$ul_DOT_runner_events:Si
cljs$cst$411$li:Qi
cljs$cst$412$note:Gg
cljs$cst$413$div_DOT_runner_id:Gh
cljs$cst$414$section_DOT_chat_pane:Yh
cljs$cst$415$header_DOT_chat_head:Ji
cljs$cst$416$div_DOT_manimani_action:en
cljs$cst$417$button_DOT_mani_btn:wj
cljs$cst$418$padding:Fm
cljs$cst$419$div_DOT_hig_shell:Tl
cljs$cst$420$div_DOT_placeholder:Rg
cljs$cst$421$div_DOT_app:xm
cljs$cst$422$div_DOT_mac_window:ii
cljs$cst$423$div_DOT_workspace:uj
cljs$cst$424$main_DOT_hig_shell:Wh
cljs$cst$47$validator:ji
cljs$cst$98$cljs_DOT_core_SLASH_not_found:Sf
clojure$set$difference:jk
clojure$string$join$cljs$0core$0IFn$0_invoke$0arity$02:Ej
clojure$string$replace:Dj
clojure$string$replace_all:Bj
clojure$string$replace_with:Cj
clojure$string$split$cljs$0core$0IFn$0_invoke$0arity$02:Fj
fn_to_element$jscomp$inline_824:rn
goog$UID_PROPERTY_:ca
goog$getUid:ba
goog$global:aa
goog$string$StringBuffer:ma
goog$string$internal$isEmptyOrWhitespace:fa
goog$string$internal$trim:ha
goog$typeOf:p
goog$uidCounter_:da
id$jscomp$inline_823:qn
manimani$ui$add_message_BANG_:Ml
manimani$ui$agenda:Jm
manimani$ui$agenda_row:Pm
manimani$ui$app:zl
manimani$ui$apply_stream_event_BANG_:Ol
manimani$ui$chat_pane:Rm
manimani$ui$composer:Wl
manimani$ui$css:Mm
manimani$ui$event_json:Nl
manimani$ui$js__GT_clj_kw:El
manimani$ui$json_fetch$cljs$0core$0IFn$0_invoke$0arity$02:Fl
manimani$ui$load_conversations_BANG_:Il
manimani$ui$manimani_character:Hm
manimani$ui$manimani_kun:Lm
manimani$ui$message_row:Ul
manimani$ui$nav_items:Km
manimani$ui$nav_rail:Nm
manimani$ui$placeholder_view:Sm
manimani$ui$root:Bl
manimani$ui$runner_panel:yn
manimani$ui$runner_status_BANG_:wn
manimani$ui$set_runner_BANG_:vn
manimani$ui$set_state_BANG_$cljs$0core$0IFn$0_invoke$0arity$0variadic:Hl
manimani$ui$short_label:Gl
manimani$ui$sign_in_BANG_:Kl
manimani$ui$sign_out_BANG_:Ll
manimani$ui$start_manimani_BANG_:xn
manimani$ui$state:Cl
manimani$ui$stream_reply_BANG_:Pl
manimani$ui$submit_BANG_:Ql
manimani$ui$suggestion_card:Om
manimani$ui$suggestions:Im
manimani$ui$terminal_phases:un
manimani$ui$theme:Dl
manimani$ui$thread:Vl
manimani$ui$today_pane:Qm
manimani$ui$topbar:Rl
manimani$ui$xrpc_fetch$cljs$0core$0IFn$0_invoke$0arity$01:Gm
module$contents$goog$object_PROTOTYPE_FIELDS:ka
module$contents$goog$object_extend:la
module$contents$goog$object_get:ja
module$contents$goog$object_getKeys:ia
module$node_modules$react$index:Kj
module$node_modules$react_dom$client:wl
opts$jscomp$inline_822:pn
or__5002__auto__$jscomp$inline_1181:An
parse_fn$jscomp$inline_825:sn
r$jscomp$inline_1180:tn
reagent$dom$client$reagent_root:xl
reagent$dom$client$render$cljs$0core$0IFn$0_invoke$0arity$03:yl
reagent$impl$batching$RenderQueue:ck
reagent$impl$batching$compare_mount_order:Yj
reagent$impl$batching$enqueue:bk
reagent$impl$batching$fake_raf:Wj
reagent$impl$batching$mount_count:Vj
reagent$impl$batching$next_tick:Xj
reagent$impl$batching$queue_render:ek
reagent$impl$batching$ratom_flush:Zj
reagent$impl$batching$render_queue:dk
reagent$impl$batching$run_funs:ak
reagent$impl$component$_STAR_current_component_STAR_:Bk
reagent$impl$component$built_in_static_method_names:Mk
reagent$impl$component$cache_react_class:Ok
reagent$impl$component$camelify_map_keys:Ik
reagent$impl$component$cljsify:Lk
reagent$impl$component$create_class:Nk
reagent$impl$component$custom_wrapper:Fk
reagent$impl$component$dash_to_method_name:Hk
reagent$impl$component$functional_render:Qk
reagent$impl$component$functional_render_fn:Sk
reagent$impl$component$functional_render_memo_fn:Rk
reagent$impl$component$functional_wrap_render:Pk
reagent$impl$component$map_to_js:Kk
reagent$impl$component$obligatory:Gk
reagent$impl$component$props_argv:Ck
reagent$impl$component$rat_opts:Ak
reagent$impl$component$reagent_class_QMARK_:Dk
reagent$impl$component$wrap_funs:Jk
reagent$impl$component$wrap_render:Ek
reagent$impl$input$_STAR_force_set_dom_value_STAR_:Uk
reagent$impl$input$input_component_set_value:Wk
reagent$impl$input$input_handle_change:Xk
reagent$impl$input$input_node_set_value:Vk
reagent$impl$input$input_render_setup:Yk
reagent$impl$input$input_spec:Zk
reagent$impl$input$these_inputs_have_selection_api:Tk
reagent$impl$protocols$as_element:hk
reagent$impl$protocols$get_id:fk
reagent$impl$protocols$make_element:ik
reagent$impl$protocols$parse_tag:gk
reagent$impl$template$HiccupTag:il
reagent$impl$template$_STAR_current_default_compiler_STAR_:rl
reagent$impl$template$cache_get:bl
reagent$impl$template$convert_custom_prop_value:gl
reagent$impl$template$convert_prop_value:dl
reagent$impl$template$custom_kv_conv:fl
reagent$impl$template$custom_prop_name_cache:el
reagent$impl$template$expand_seq:ol
reagent$impl$template$function_element:kl
reagent$impl$template$kv_conv:cl
reagent$impl$template$make_element:hl
reagent$impl$template$maybe_function_element:ll
reagent$impl$template$native_element:nl
reagent$impl$template$prop_name_cache:al
reagent$impl$template$re_tag:$k
reagent$impl$template$reag_element:jl
reagent$impl$template$t_reagent$0impl$0template8332:ql
reagent$impl$template$tag_name_cache:ml
reagent$impl$template$vec_to_elem:pl
reagent$impl$util$_STAR_always_update_STAR_:Sj
reagent$impl$util$capitalize:Nj
reagent$impl$util$class_names:Rj
reagent$impl$util$dash_to_prop_name:Oj
reagent$impl$util$dont_camel_case:Mj
reagent$impl$util$fun_name:Pj
reagent$impl$util$get_react_key:Tj
reagent$impl$util$is_client:Lj
reagent$impl$util$named_QMARK_:Qj
reagent$impl$util$react_key_from_vec:Uj
reagent$ratom$RAtom:sk
reagent$ratom$Reaction:vk
reagent$ratom$_STAR_ratom_context_STAR_:kk
reagent$ratom$add_w:nk
reagent$ratom$atom:tk
reagent$ratom$deref_capture:lk
reagent$ratom$dispose_BANG_:uk
reagent$ratom$flush_BANG_:wk
reagent$ratom$handle_reaction_change:Bb
reagent$ratom$make_reaction:xk
reagent$ratom$notify_deref_watcher_BANG_:mk
reagent$ratom$notify_w:pk
reagent$ratom$pr_atom:qk
reagent$ratom$rea_queue:rk
reagent$ratom$remove_w:ok
reagent$ratom$run_in_reaction:zk
reagent$ratom$temp_reaction:yk
shadow$js$files:Gj
shadow$js$jsRequire:Jj
shadow$js$nativeProvides:Hj
shadow$js$requireStack:Ij
temp__5804__auto__$jscomp$inline_1179:zn
